
=============
== PyTorch ==
=============

NVIDIA Release 26.02 (build 269443099)
PyTorch Version 2.11.0a0+eb65b36
Container image Copyright (c) 2025, NVIDIA CORPORATION & AFFILIATES. All rights reserved.
Copyright (c) 2014-2024 Facebook Inc.
Copyright (c) 2011-2014 Idiap Research Institute (Ronan Collobert)
Copyright (c) 2012-2014 Deepmind Technologies    (Koray Kavukcuoglu)
Copyright (c) 2011-2012 NEC Laboratories America (Koray Kavukcuoglu)
Copyright (c) 2011-2013 NYU                      (Clement Farabet)
Copyright (c) 2006-2010 NEC Laboratories America (Ronan Collobert, Leon Bottou, Iain Melvin, Jason Weston)
Copyright (c) 2006      Idiap Research Institute (Samy Bengio)
Copyright (c) 2001-2004 Idiap Research Institute (Ronan Collobert, Samy Bengio, Johnny Mariethoz)
Copyright (c) 2015      Google Inc.
Copyright (c) 2015      Yangqing Jia
Copyright (c) 2013-2016 The Caffe contributors
All rights reserved.

Various files include modifications (c) NVIDIA CORPORATION & AFFILIATES.  All rights reserved.

GOVERNING TERMS: The software and materials are governed by the NVIDIA Software License Agreement
(found at https://www.nvidia.com/en-us/agreements/enterprise-software/nvidia-software-license-agreement/)
and the Product-Specific Terms for NVIDIA AI Products
(found at https://www.nvidia.com/en-us/agreements/enterprise-software/product-specific-terms-for-ai-products/).

ERROR: This container was built for NVIDIA Driver Release 590.48 or later, but
       version 575.57.08 was detected and compatibility mode is UNAVAILABLE.

       [[Forward compatibility was attempted on non supported HW (CUDA_ERROR_COMPAT_NOT_SUPPORTED_ON_DEVICE) cuInit()=804]]

=== python / torch / tensorrt_llm import probe ===
/usr/local/lib/python3.12/dist-packages/torch/cuda/__init__.py:180: UserWarning: CUDA initialization: The NVIDIA driver on your system is too old (found version 12090). Please update your GPU driver by downloading and installing a new version from the URL: http://www.nvidia.com/Download/index.aspx Alternatively, go to: https://pytorch.org to install a PyTorch version that has been compiled with your version of the CUDA driver. (Triggered internally at /opt/pytorch/pytorch/c10/cuda/CUDAFunctions.cpp:119.)
  return torch._C._cuda_getDeviceCount() > 0
Skipping import of cpp extensions due to incompatible torch version 2.11.0a0+eb65b36914.nv26.02 for torchao version 0.15.0             Please see https://github.com/pytorch/ao/issues/2919 for more info
W0508 03:11:02.019000 143 torch/utils/cpp_extension.py:140] No CUDA runtime is found, using CUDA_HOME='/usr/local/cuda'
/usr/local/lib/python3.12/dist-packages/modelopt/torch/__init__.py:36: UserWarning: transformers version 4.57.3 is incompatible with nvidia-modelopt and may cause issues. Please install recommended version with `pip install nvidia-modelopt[hf]` if working with HF models.
  _warnings.warn(
Failed to get device capability: The NVIDIA driver on your system is too old (found version 12090). Please update your GPU driver by downloading and installing a new version from the URL: http://www.nvidia.com/Download/index.aspx Alternatively, go to: https://pytorch.org to install a PyTorch version that has been compiled with your version of the CUDA driver..
Failed to get device capability: The NVIDIA driver on your system is too old (found version 12090). Please update your GPU driver by downloading and installing a new version from the URL: http://www.nvidia.com/Download/index.aspx Alternatively, go to: https://pytorch.org to install a PyTorch version that has been compiled with your version of the CUDA driver..
python 3.12.3
torch 2.11.0a0+eb65b36914.nv26.02
torch.cuda.is_available False
tensorrt 10.15.1.29
tensorrt_llm_error RuntimeError('The NVIDIA driver on your system is too old (found version 12090). Please update your GPU driver by downloading and installing a new version from the URL: http://www.nvidia.com/Download/index.aspx Alternatively, go to: https://pytorch.org to install a PyTorch version that has been compiled with your version of the CUDA driver.')
transformers 4.57.3
pydantic 2.12.5
=== trtllm-bench --help ===
    from tensorrt_llm.commands.bench import main
  File "/usr/local/lib/python3.12/dist-packages/tensorrt_llm/__init__.py", line 107, in <module>
    import tensorrt_llm._torch.models as torch_models
  File "/usr/local/lib/python3.12/dist-packages/tensorrt_llm/_torch/models/__init__.py", line 3, in <module>
    from .modeling_auto import AutoModelForCausalLM
  File "/usr/local/lib/python3.12/dist-packages/tensorrt_llm/_torch/models/modeling_auto.py", line 5, in <module>
    from .modeling_utils import (MODEL_CLASS_MAPPING,
  File "/usr/local/lib/python3.12/dist-packages/tensorrt_llm/_torch/models/modeling_utils.py", line 21, in <module>
    from ..attention_backend import AttentionMetadata
  File "/usr/local/lib/python3.12/dist-packages/tensorrt_llm/_torch/attention_backend/__init__.py", line 3, in <module>
    from .sparse import get_sparse_attn_kv_cache_manager
  File "/usr/local/lib/python3.12/dist-packages/tensorrt_llm/_torch/attention_backend/sparse/__init__.py", line 1, in <module>
    from .utils import (get_flashinfer_sparse_attn_attention_backend,
  File "/usr/local/lib/python3.12/dist-packages/tensorrt_llm/_torch/attention_backend/sparse/utils.py", line 4, in <module>
    from .dsa import DSACacheManager, DSATrtllmAttention
  File "/usr/local/lib/python3.12/dist-packages/tensorrt_llm/_torch/attention_backend/sparse/dsa.py", line 20, in <module>
    from tensorrt_llm._torch.modules.linear import Linear
  File "/usr/local/lib/python3.12/dist-packages/tensorrt_llm/_torch/modules/linear.py", line 16, in <module>
    from tensorrt_llm._torch.custom_ops.torch_custom_ops import BufferKind
  File "/usr/local/lib/python3.12/dist-packages/tensorrt_llm/_torch/custom_ops/__init__.py", line 1, in <module>
    from ..cuda_tile_utils import IS_CUDA_TILE_AVAILABLE
  File "/usr/local/lib/python3.12/dist-packages/tensorrt_llm/_torch/cuda_tile_utils.py", line 53, in <module>
    if (cc := torch.cuda.get_device_properties()) and (cc.major, cc.minor) < (10, 0):
              ^^^^^^^^^^^^^^^^^^^^^^^^^^^^^^^^^^
  File "/usr/local/lib/python3.12/dist-packages/torch/cuda/__init__.py", line 688, in get_device_properties
    _lazy_init()  # will define _get_device_properties
    ^^^^^^^^^^^^
  File "/usr/local/lib/python3.12/dist-packages/torch/cuda/__init__.py", line 480, in _lazy_init
    torch._C._cuda_init()
RuntimeError: The NVIDIA driver on your system is too old (found version 12090). Please update your GPU driver by downloading and installing a new version from the URL: http://www.nvidia.com/Download/index.aspx Alternatively, go to: https://pytorch.org to install a PyTorch version that has been compiled with your version of the CUDA driver.
=== trtllm-serve --help ===
    from tensorrt_llm.commands.serve import main
  File "/usr/local/lib/python3.12/dist-packages/tensorrt_llm/__init__.py", line 107, in <module>
    import tensorrt_llm._torch.models as torch_models
  File "/usr/local/lib/python3.12/dist-packages/tensorrt_llm/_torch/models/__init__.py", line 3, in <module>
    from .modeling_auto import AutoModelForCausalLM
  File "/usr/local/lib/python3.12/dist-packages/tensorrt_llm/_torch/models/modeling_auto.py", line 5, in <module>
    from .modeling_utils import (MODEL_CLASS_MAPPING,
  File "/usr/local/lib/python3.12/dist-packages/tensorrt_llm/_torch/models/modeling_utils.py", line 21, in <module>
    from ..attention_backend import AttentionMetadata
  File "/usr/local/lib/python3.12/dist-packages/tensorrt_llm/_torch/attention_backend/__init__.py", line 3, in <module>
    from .sparse import get_sparse_attn_kv_cache_manager
  File "/usr/local/lib/python3.12/dist-packages/tensorrt_llm/_torch/attention_backend/sparse/__init__.py", line 1, in <module>
    from .utils import (get_flashinfer_sparse_attn_attention_backend,
  File "/usr/local/lib/python3.12/dist-packages/tensorrt_llm/_torch/attention_backend/sparse/utils.py", line 4, in <module>
    from .dsa import DSACacheManager, DSATrtllmAttention
  File "/usr/local/lib/python3.12/dist-packages/tensorrt_llm/_torch/attention_backend/sparse/dsa.py", line 20, in <module>
    from tensorrt_llm._torch.modules.linear import Linear
  File "/usr/local/lib/python3.12/dist-packages/tensorrt_llm/_torch/modules/linear.py", line 16, in <module>
    from tensorrt_llm._torch.custom_ops.torch_custom_ops import BufferKind
  File "/usr/local/lib/python3.12/dist-packages/tensorrt_llm/_torch/custom_ops/__init__.py", line 1, in <module>
    from ..cuda_tile_utils import IS_CUDA_TILE_AVAILABLE
  File "/usr/local/lib/python3.12/dist-packages/tensorrt_llm/_torch/cuda_tile_utils.py", line 53, in <module>
    if (cc := torch.cuda.get_device_properties()) and (cc.major, cc.minor) < (10, 0):
              ^^^^^^^^^^^^^^^^^^^^^^^^^^^^^^^^^^
  File "/usr/local/lib/python3.12/dist-packages/torch/cuda/__init__.py", line 688, in get_device_properties
    _lazy_init()  # will define _get_device_properties
    ^^^^^^^^^^^^
  File "/usr/local/lib/python3.12/dist-packages/torch/cuda/__init__.py", line 480, in _lazy_init
    torch._C._cuda_init()
RuntimeError: The NVIDIA driver on your system is too old (found version 12090). Please update your GPU driver by downloading and installing a new version from the URL: http://www.nvidia.com/Download/index.aspx Alternatively, go to: https://pytorch.org to install a PyTorch version that has been compiled with your version of the CUDA driver.
=== nsys --version (container) ===
NVIDIA Nsight Systems version 2026.1.1.204-261137176666v0
=== ncu --version (container) ===
NVIDIA (R) Nsight Compute Command Line Profiler
Copyright (c) 2018-2025 NVIDIA Corporation
Version 2025.4.1.0 (build 37053803) (public-release)
